// Jest Snapshot v1, https://goo.gl/fbAQLP

exports[`App should render app component 1`] = `
Array [
  <EmotionCssPropInternal
    __EMOTION_LABEL_PLEASE_DO_NOT_USE__="App"
    __EMOTION_TYPE_PLEASE_DO_NOT_USE__="div"
    css={
      Object {
        "map": undefined,
        "name": "1sax5zg",
        "next": undefined,
        "styles": "
    max-width: 720px;
    margin: 0px auto;
    height: 100vh;
",
        "toString": [Function],
      }
    }
  >
    <Products />
  </EmotionCssPropInternal>,
]
`;
